apiVersion: rbac.authorization.k8s.io/v1
kind: ClusterRole
metadata:
  creationTimestamp: null
  name: linkerd-l5d-integration-external-issuer-controller
---
apiVersion: rbac.authorization.k8s.io/v1
kind: ClusterRole
metadata:
  creationTimestamp: null
  name: linkerd-l5d-integration-external-issuer-destination
---
apiVersion: rbac.authorization.k8s.io/v1
kind: ClusterRole
metadata:
  creationTimestamp: null
  name: linkerd-l5d-integration-external-issuer-identity
---
apiVersion: rbac.authorization.k8s.io/v1
kind: ClusterRole
metadata:
  creationTimestamp: null
  name: linkerd-l5d-integration-external-issuer-prometheus
---
apiVersion: rbac.authorization.k8s.io/v1
kind: ClusterRole
metadata:
  creationTimestamp: null
  name: linkerd-l5d-integration-external-issuer-proxy-injector
---
apiVersion: rbac.authorization.k8s.io/v1
kind: ClusterRole
metadata:
  creationTimestamp: null
  name: linkerd-l5d-integration-external-issuer-sp-validator
---
apiVersion: rbac.authorization.k8s.io/v1
kind: ClusterRole
metadata:
  creationTimestamp: null
  name: linkerd-l5d-integration-external-issuer-tap
---
apiVersion: rbac.authorization.k8s.io/v1
kind: ClusterRole
metadata:
  creationTimestamp: null
  name: linkerd-l5d-integration-external-issuer-tap-admin
---
apiVersion: rbac.authorization.k8s.io/v1
kind: ClusterRole
metadata:
  creationTimestamp: null
  name: linkerd-l5d-integration-external-issuer-web-check
---
apiVersion: rbac.authorization.k8s.io/v1
kind: ClusterRoleBinding
metadata:
  creationTimestamp: null
  name: linkerd-l5d-integration-external-issuer-controller
---
apiVersion: rbac.authorization.k8s.io/v1
kind: ClusterRoleBinding
metadata:
  creationTimestamp: null
  name: linkerd-l5d-integration-external-issuer-destination
---
apiVersion: rbac.authorization.k8s.io/v1
kind: ClusterRoleBinding
metadata:
  creationTimestamp: null
  name: linkerd-l5d-integration-external-issuer-identity
---
apiVersion: rbac.authorization.k8s.io/v1
kind: ClusterRoleBinding
metadata:
  creationTimestamp: null
  name: linkerd-l5d-integration-external-issuer-prometheus
---
apiVersion: rbac.authorization.k8s.io/v1
kind: ClusterRoleBinding
metadata:
  creationTimestamp: null
  name: linkerd-l5d-integration-external-issuer-proxy-injector
---
apiVersion: rbac.authorization.k8s.io/v1
kind: ClusterRoleBinding
metadata:
  creationTimestamp: null
  name: linkerd-l5d-integration-external-issuer-sp-validator
---
apiVersion: rbac.authorization.k8s.io/v1
kind: ClusterRoleBinding
metadata:
  creationTimestamp: null
  name: linkerd-l5d-integration-external-issuer-tap
---
apiVersion: rbac.authorization.k8s.io/v1
kind: ClusterRoleBinding
metadata:
  creationTimestamp: null
  name: linkerd-l5d-integration-external-issuer-tap-auth-delegator
---
apiVersion: rbac.authorization.k8s.io/v1
kind: ClusterRoleBinding
metadata:
  creationTimestamp: null
  name: linkerd-l5d-integration-external-issuer-web-admin
---
apiVersion: rbac.authorization.k8s.io/v1
kind: ClusterRoleBinding
metadata:
  creationTimestamp: null
  name: linkerd-l5d-integration-external-issuer-web-check
---
apiVersion: rbac.authorization.k8s.io/v1
kind: RoleBinding
metadata:
  creationTimestamp: null
  name: linkerd-l5d-integration-external-issuer-tap-auth-reader
  namespace: kube-system
---
apiVersion: rbac.authorization.k8s.io/v1
kind: RoleBinding
metadata:
  creationTimestamp: null
  name: linkerd-smi-metrics
  namespace: kube-system
---
apiVersion: apiextensions.k8s.io/v1beta1
kind: CustomResourceDefinition
metadata:
  creationTimestamp: null
  name: serviceprofiles.linkerd.io
---
apiVersion: apiextensions.k8s.io/v1beta1
kind: CustomResourceDefinition
metadata:
  creationTimestamp: null
  name: trafficsplits.split.smi-spec.io
---
apiVersion: apiregistration.k8s.io/v1
kind: APIService
metadata:
  creationTimestamp: null
  name: v1alpha1.metrics.smi-spec.io
---
apiVersion: apiregistration.k8s.io/v1
kind: APIService
metadata:
  creationTimestamp: null
  name: v1alpha1.tap.linkerd.io
---
apiVersion: extensions/v1beta1
kind: PodSecurityPolicy
metadata:
  creationTimestamp: null
  name: linkerd-l5d-integration-external-issuer-control-plane
---
apiVersion: admissionregistration.k8s.io/v1beta1
kind: MutatingWebhookConfiguration
metadata:
  creationTimestamp: null
  name: linkerd-proxy-injector-webhook-config
---
apiVersion: admissionregistration.k8s.io/v1beta1
kind: ValidatingWebhookConfiguration
metadata:
  creationTimestamp: null
  name: linkerd-sp-validator-webhook-config
---
apiVersion: v1
kind: Namespace
metadata:
  creationTimestamp: null
  name: l5d-integration-external-issuer
---
